// Jest Snapshot v1, https://goo.gl/fbAQLP

exports[`<SubtitleXS /> should render the SubtitleXS and its styles 1`] = `
.c0 {
  font-size: 1.8rem;
  line-height: 2.16rem;
  font-family: 'Work Sans';
  color: #1b31a8;
  font-weight: 400;
}

<h1
  class="c0"
  color="primaryBlue"
>
  Test
</h1>
`
