// Jest Snapshot v1, https://goo.gl/fbAQLP

exports[`<Title /> should render the title 1`] = `
.c0 {
  display: grid;
  place-items: center;
  background-color: #f4f8fa;
  height: 7rem;
}

.c1 {
  font-size: 1.8rem;
  line-height: 2.16rem;
  font-family: 'Work Sans';
  color: #1b31a8;
  font-weight: 400;
}

<div
  class="c0"
>
  <h1
    class="c1"
    color="primaryBlue"
  >
    Let's plan your 
    <strong>
      saving goal.
    </strong>
  </h1>
</div>
`
