// Jest Snapshot v1, https://goo.gl/fbAQLP

exports[
  `<DescriptionXS /> should render the DescriptionXS and its styles 1`
] = `
.c0 {
  font-size: 1.2rem;
  line-height: 1.6rem;
  font-family: 'Work Sans';
  color: #1e2a32;
  font-weight: 400;
}

<h4
  class="c0"
  color="primaryBlack"
>
  Teste
</h4>
`
